 git init
Initialized empty Git repository in C:/Users/pmxrguest/Desktop/Github_Tutorial/samurai-terakoya/git_challenge/.git/
PS C:\Users\pmxrguest\Desktop\Github_Tutorial\samurai-terakoya\git_challenge> git add hello_world.txt
PS C:\Users\pmxrguest\Desktop\Github_Tutorial\samurai-terakoya\git_challenge> git commit -m "1回目のコミット"
[main (root-commit) dc59c7a] 1回目のコミット
 1 file changed, 1 insertion(+)
 create mode 100644 hello_world.txt
PS C:\Users\pmxrguest\Desktop\Github_Tutorial\samurai-terakoya\git_challenge> git add hello_world.txt
PS C:\Users\pmxrguest\Desktop\Github_Tutorial\samurai-terakoya\git_challenge> git commit -m "2回目のコミット"
[main 6c53165] 2回目のコミット
 1 file changed, 2 insertions(+), 1 deletion(-)
PS C:\Users\pmxrguest\Desktop\Github_Tutorial\samurai-terakoya\git_challenge> git log
commit 6c53165437b458de215f0d2129391d890c14651a (HEAD -> main)
Author: chitose ameku <chitose-ameku@gr.paramix.co.jp>
Date:   Tue Apr 7 16:05:18 2026 +0900

    2回目のコミット

commit dc59c7a209838d403bacb9763d7ec37125919adb
Author: chitose ameku <chitose-ameku@gr.paramix.co.jp>
Date:   Tue Apr 7 16:02:42 2026 +0900

    1回目のコミット
PS C:\Users\pmxrguest\Desktop\Github_Tutorial\samurai-terakoya\git_challenge> git log --oneline
6c53165 (HEAD -> main) 2回目のコミット
dc59c7a 1回目のコミット
PS C:\Users\pmxrguest\Desktop\Github_Tutorial\samurai-terakoya\git_challenge>